project=Chuan Garden
path_key=chuan_garden
lidar_bundle=Serangoon
C:\Users\Alaster\miniconda3\envs\psat\Lib\site-packages\pyogrio\core.py:35: RuntimeWarning: Could not detect GDAL data files.  Set GDAL_DATA environment variable to the correct path.
  _init_gdal_data()

Road boundary check: no off-road points detected
  [1/15] 20240805_Serangoon_02_Track27.laz (400 samples)
  [2/15] 20240805_Serangoon_02_Track28.laz (400 samples)
  [3/15] 20240805_Serangoon_02_Track37.laz (136 samples)
  [4/15] 20240805_Serangoon_02_Track39.laz (99 samples)
  [5/15] 20240805_Serangoon_02_Track40.laz (20 samples)
  [6/15] 20240805_Serangoon_02_Track41.laz (400 samples)
  [7/15] 20240805_Serangoon_02_Track42.laz (208 samples)
  [8/15] 20240805_Serangoon_02_Track44.laz (40 samples)
  [9/15] 20240805_Serangoon_02_Track45.laz (34 samples)
  [10/15] 20240805_Serangoon_02_Track58.laz (13 samples)
  [11/15] 20240805_Serangoon_02_Track66.laz (364 samples)
  [12/15] 20240805_Serangoon_02_Track67.laz (400 samples)
  [13/15] 20240805_Serangoon_02_Track68.laz (137 samples)
  [14/15] 20240805_Serangoon_02_Track69.laz (32 samples)
  [15/15] 20240808_Serangoon_03_Track88.laz (60 samples)
